// Jest Snapshot v1, https://goo.gl/fbAQLP

exports[`TankCircuitComponent snapshot matches 1`] = `
<div
  className="MuiPaper-root-2 MuiPaper-elevation2-6 MuiPaper-rounded-3 MuiCard-root-1 equationBox"
>
  <form
    onSubmit={[Function]}
  >
    <div
      className="MuiCardContent-root-29 equationBoxInner"
    >
      <p>
        Supply at least two of the values to calculate the third.
      </p>
      <div
        aria-describedby={undefined}
        className="MuiFormControl-root-30 MuiFormControl-marginNormal-31 MuiFormControl-fullWidth-33"
        onBlur={[Function]}
        onFocus={[Function]}
      >
        <label
          className="MuiFormLabel-root-39 MuiInputLabel-root-34 MuiInputLabel-formControl-35 MuiInputLabel-animated-38 MuiInputLabel-shrink-37"
          data-shrink={true}
          htmlFor="full-width"
        >
          Æ’ (Frequency in Hertz)
        </label>
        <div
          className="MuiInput-root-44 MuiInput-fullWidth-51 MuiInput-formControl-45 MuiInput-underline-48"
        >
          <input
            aria-invalid={false}
            aria-required={false}
            autoComplete={undefined}
            autoFocus={undefined}
            className="MuiInput-input-52"
            defaultValue={undefined}
            disabled={false}
            id="full-width"
            name="frequencyInHertz"
            onBlur={[Function]}
            onChange={[Function]}
            onFocus={[Function]}
            onKeyDown={undefined}
            onKeyUp={undefined}
            placeholder={undefined}
            readOnly={undefined}
            required={undefined}
            rows={undefined}
            type="text"
            value=""
          />
        </div>
      </div>
      <div
        aria-describedby={undefined}
        className="MuiFormControl-root-30 MuiFormControl-marginNormal-31 MuiFormControl-fullWidth-33"
        onBlur={[Function]}
        onFocus={[Function]}
      >
        <label
          className="MuiFormLabel-root-39 MuiInputLabel-root-34 MuiInputLabel-formControl-35 MuiInputLabel-animated-38 MuiInputLabel-shrink-37"
          data-shrink={true}
          htmlFor="full-width"
        >
          L (Inductance in nH)
        </label>
        <div
          className="MuiInput-root-44 MuiInput-fullWidth-51 MuiInput-formControl-45 MuiInput-underline-48"
        >
          <input
            aria-invalid={false}
            aria-required={false}
            autoComplete={undefined}
            autoFocus={undefined}
            className="MuiInput-input-52"
            defaultValue={undefined}
            disabled={false}
            id="full-width"
            name="inductanceInNanoHenrys"
            onBlur={[Function]}
            onChange={[Function]}
            onFocus={[Function]}
            onKeyDown={undefined}
            onKeyUp={undefined}
            placeholder={undefined}
            readOnly={undefined}
            required={undefined}
            rows={undefined}
            type="text"
            value=""
          />
        </div>
      </div>
      <div
        aria-describedby={undefined}
        className="MuiFormControl-root-30 MuiFormControl-marginNormal-31 MuiFormControl-fullWidth-33"
        onBlur={[Function]}
        onFocus={[Function]}
      >
        <label
          className="MuiFormLabel-root-39 MuiInputLabel-root-34 MuiInputLabel-formControl-35 MuiInputLabel-animated-38 MuiInputLabel-shrink-37"
          data-shrink={true}
          htmlFor="full-width"
        >
          C (Capacitance in pF)
        </label>
        <div
          className="MuiInput-root-44 MuiInput-fullWidth-51 MuiInput-formControl-45 MuiInput-underline-48"
        >
          <input
            aria-invalid={false}
            aria-required={false}
            autoComplete={undefined}
            autoFocus={undefined}
            className="MuiInput-input-52"
            defaultValue={undefined}
            disabled={false}
            id="full-width"
            name="capacitanceInPicoFarads"
            onBlur={[Function]}
            onChange={[Function]}
            onFocus={[Function]}
            onKeyDown={undefined}
            onKeyUp={undefined}
            placeholder={undefined}
            readOnly={undefined}
            required={undefined}
            rows={undefined}
            type="text"
            value=""
          />
        </div>
      </div>
    </div>
    <div
      className="MuiCardActions-root-57"
    >
      <button
        className="MuiButtonBase-root-74 MuiButton-root-59 MuiCardActions-action-58"
        disabled={false}
        onBlur={[Function]}
        onClick={[Function]}
        onFocus={[Function]}
        onKeyDown={[Function]}
        onKeyUp={[Function]}
        onMouseDown={[Function]}
        onMouseLeave={[Function]}
        onMouseUp={[Function]}
        onTouchEnd={[Function]}
        onTouchMove={[Function]}
        onTouchStart={[Function]}
        tabIndex="5"
        type="button"
      >
        <span
          className="MuiButton-label-60"
        >
          Clear
        </span>
        <span
          className="MuiTouchRipple-root-77"
        />
      </button>
      <button
        className="MuiButtonBase-root-74 MuiButton-root-59 MuiButton-raised-64 MuiButton-raisedPrimary-65 MuiCardActions-action-58"
        disabled={false}
        onBlur={[Function]}
        onFocus={[Function]}
        onKeyDown={[Function]}
        onKeyUp={[Function]}
        onMouseDown={[Function]}
        onMouseLeave={[Function]}
        onMouseUp={[Function]}
        onTouchEnd={[Function]}
        onTouchMove={[Function]}
        onTouchStart={[Function]}
        style={
          Object {
            "marginLeft": "auto",
          }
        }
        tabIndex="4"
        type="submit"
      >
        <span
          className="MuiButton-label-60"
        >
          Calculate
        </span>
        <span
          className="MuiTouchRipple-root-77"
        />
      </button>
    </div>
  </form>
</div>
`;
