// Jest Snapshot v1, https://goo.gl/fbAQLP

exports[`BatteryRuntimeComponent snapshot matches 1`] = `
<div
  className="MuiPaper-root-2 MuiPaper-elevation2-6 MuiPaper-rounded-3 MuiCard-root-1 equationBox"
>
  <form
    onSubmit={[Function]}
  >
    <div
      className="MuiCardContent-root-29 equationBoxInner"
    >
      <p>
        Calculate the runtime on a battery. This equation does not take into account the diminished runtime effect of high current applications.
      </p>
      <p>
        The efficiency of the system is set to 80% by default.
      </p>
      <div
        aria-describedby={undefined}
        className="MuiFormControl-root-30 MuiFormControl-marginNormal-31 MuiFormControl-fullWidth-33"
        onBlur={[Function]}
        onFocus={[Function]}
      >
        <label
          className="MuiFormLabel-root-39 MuiInputLabel-root-34 MuiInputLabel-formControl-35 MuiInputLabel-animated-38 MuiInputLabel-shrink-37"
          data-shrink={true}
          htmlFor="full-width"
        >
          Battery capacity in amp hours
        </label>
        <div
          className="MuiInput-root-44 MuiInput-fullWidth-51 MuiInput-formControl-45 MuiInput-underline-48"
        >
          <input
            aria-invalid={false}
            aria-required={false}
            autoComplete={undefined}
            autoFocus={undefined}
            className="MuiInput-input-52"
            defaultValue={undefined}
            disabled={false}
            id="full-width"
            name="batteryCapacityInAmpHours"
            onBlur={[Function]}
            onChange={[Function]}
            onFocus={[Function]}
            onKeyDown={undefined}
            onKeyUp={undefined}
            placeholder={undefined}
            readOnly={undefined}
            required={undefined}
            rows={undefined}
            type="text"
            value={1}
          />
        </div>
      </div>
      <div
        aria-describedby={undefined}
        className="MuiFormControl-root-30 MuiFormControl-marginNormal-31 MuiFormControl-fullWidth-33"
        onBlur={[Function]}
        onFocus={[Function]}
      >
        <label
          className="MuiFormLabel-root-39 MuiInputLabel-root-34 MuiInputLabel-formControl-35 MuiInputLabel-animated-38 MuiInputLabel-shrink-37"
          data-shrink={true}
          htmlFor="full-width"
        >
          Current draw in amps
        </label>
        <div
          className="MuiInput-root-44 MuiInput-fullWidth-51 MuiInput-formControl-45 MuiInput-underline-48"
        >
          <input
            aria-invalid={false}
            aria-required={false}
            autoComplete={undefined}
            autoFocus={undefined}
            className="MuiInput-input-52"
            defaultValue={undefined}
            disabled={false}
            id="full-width"
            name="currentDrawInAmps"
            onBlur={[Function]}
            onChange={[Function]}
            onFocus={[Function]}
            onKeyDown={undefined}
            onKeyUp={undefined}
            placeholder={undefined}
            readOnly={undefined}
            required={undefined}
            rows={undefined}
            type="text"
            value={1}
          />
        </div>
      </div>
      <div
        aria-describedby={undefined}
        className="MuiFormControl-root-30 MuiFormControl-marginNormal-31 MuiFormControl-fullWidth-33"
        onBlur={[Function]}
        onFocus={[Function]}
      >
        <label
          className="MuiFormLabel-root-39 MuiInputLabel-root-34 MuiInputLabel-formControl-35 MuiInputLabel-animated-38 MuiInputLabel-shrink-37"
          data-shrink={true}
          htmlFor="full-width"
        >
          Efficiency of system
        </label>
        <div
          className="MuiInput-root-44 MuiInput-fullWidth-51 MuiInput-formControl-45 MuiInput-underline-48"
        >
          <input
            aria-invalid={false}
            aria-required={false}
            autoComplete={undefined}
            autoFocus={undefined}
            className="MuiInput-input-52"
            defaultValue={undefined}
            disabled={false}
            id="full-width"
            name="efficiency"
            onBlur={[Function]}
            onChange={[Function]}
            onFocus={[Function]}
            onKeyDown={undefined}
            onKeyUp={undefined}
            placeholder={undefined}
            readOnly={undefined}
            required={undefined}
            rows={undefined}
            type="text"
            value={0.8}
          />
        </div>
      </div>
      <table
        className="MuiTable-root-57"
      >
        <tr
          className="MuiTableRow-root-58"
        >
          <td
            align="left"
            aria-sort={null}
            className="MuiTableCell-root-63"
            scope={undefined}
          >
            Battery capacity in amp hours
          </td>
          <td
            align="left"
            aria-sort={null}
            className="MuiTableCell-root-63"
            scope={undefined}
          >
            1
          </td>
        </tr>
        <tr
          className="MuiTableRow-root-58"
        >
          <td
            align="left"
            aria-sort={null}
            className="MuiTableCell-root-63"
            scope={undefined}
          >
            Battery capacity in coulombs
          </td>
          <td
            align="left"
            aria-sort={null}
            className="MuiTableCell-root-63"
            scope={undefined}
          >
            3600
          </td>
        </tr>
        <tr
          className="MuiTableRow-root-58"
        >
          <td
            align="left"
            aria-sort={null}
            className="MuiTableCell-root-63"
            scope={undefined}
          >
            Battery run time in min
          </td>
          <td
            align="left"
            aria-sort={null}
            className="MuiTableCell-root-63"
            scope={undefined}
          >
            48
          </td>
        </tr>
        <tr
          className="MuiTableRow-root-58"
        >
          <td
            align="left"
            aria-sort={null}
            className="MuiTableCell-root-63"
            scope={undefined}
          >
            Battery run time in hours
          </td>
          <td
            align="left"
            aria-sort={null}
            className="MuiTableCell-root-63"
            scope={undefined}
          >
            0.8
          </td>
        </tr>
        <tr
          className="MuiTableRow-root-58"
        >
          <td
            align="left"
            aria-sort={null}
            className="MuiTableCell-root-63"
            scope={undefined}
          >
            Battery run time in days
          </td>
          <td
            align="left"
            aria-sort={null}
            className="MuiTableCell-root-63"
            scope={undefined}
          >
            0.0333
          </td>
        </tr>
      </table>
    </div>
    <div
      className="MuiCardActions-root-71"
    >
      <button
        className="MuiButtonBase-root-88 MuiButton-root-73 MuiButton-raised-78 MuiButton-raisedPrimary-79 MuiCardActions-action-72"
        disabled={false}
        onBlur={[Function]}
        onFocus={[Function]}
        onKeyDown={[Function]}
        onKeyUp={[Function]}
        onMouseDown={[Function]}
        onMouseLeave={[Function]}
        onMouseUp={[Function]}
        onTouchEnd={[Function]}
        onTouchMove={[Function]}
        onTouchStart={[Function]}
        style={
          Object {
            "marginLeft": "auto",
          }
        }
        tabIndex="4"
        type="submit"
      >
        <span
          className="MuiButton-label-74"
        >
          Calculate
        </span>
        <span
          className="MuiTouchRipple-root-91"
        />
      </button>
    </div>
  </form>
</div>
`;
